
    <!DOCTYPE html>
    <html lang="en">
    <head>
        <meta charset="UTF-8">
        <meta name="viewport" content="width=device-width, initial-scale=1.0">
        <title>To go as expected - Dictionary</title>
        <link rel="stylesheet" href="../style.css">
    </head>
    <body>
        <div class="container">
            <header>
                <h1>to go as expected</h1>
            </header>
            <main>
                
        <section class="concept-entry">
            <h2>1. <span class="part-of-speech">VERB</span></h2>
            
            <div class="headword-pronunciation">
                / ɡoʊ æz ɪkˈspɛktɪd / (AmE), / ɡəʊ æz ɪkˈspɛktɪd / (BrE)
            </div>
            
            <div class="definition">to happen or proceed in the way that was planned or anticipated</div>
            <div class="short-description">proceed as planned or anticipated</div>
            
            <div class="examples"><h3>Examples</h3><blockquote>Everything at the event <b>went as expected</b>, with no major problems.</blockquote><blockquote>The project didn't <b>go as expected</b> and had to be delayed.</blockquote><blockquote>It's wise to have a backup plan in case things don't <b>go as expected</b>.</blockquote></div>
            <div class="examples"><h3>Synset Examples</h3><blockquote>Despite the apetempt, the plan didn't go as expected.</blockquote></div>
            <div class="linked-concepts"><h3>Related Terms</h3><ul>
                <li>
                    <span class="linked-kind">Synonym:</span>
                    <a href="../idiom/go_according_to_plan.html">to go according to plan</a>
                    - <em>to proceed as planned or intended</em>
                </li>
                
                <li>
                    <span class="linked-kind">Antonym:</span>
                    <a href="../phrasal_verb/go_wrong.html">to go wrong</a>
                    - <em>to fail to happen as intended</em>
                </li>
                </ul></div>
            
            
            <div class="meta">
                <div class="meta-item"><strong>Source:</strong> Idiom List</div>
                <div class="meta-item"><strong>WordNet ID:</strong> n/a</div>
                <div class="meta-item"><strong>Synset POS:</strong> None</div>
            </div>
        
        </section>
        
            </main>
            <footer><p><a href="../index.html">Back to Home</a></p></footer>
        </div>
    </body>
    </html>
    